[openstudio.energyplus.ForwardTranslator] <Error> No construction for either surface 'SuperMarket Sales B end_a - Story ground Wall 2', and 'SuperMarket Sales C end_a - Story ground Wall 3'
[openstudio.energyplus.ForwardTranslator] <Error> No construction for either surface 'SuperMarket Sales C end_a - Story ground Wall 4', and 'SuperMarket Sales C  - Story ground Wall 1'
[openstudio.energyplus.ForwardTranslator] <Error> No construction for either surface 'SuperMarket Sales A  - Story ground Wall 1', and 'SuperMarket Sales A end_a - Story ground Wall 4'
[openstudio.energyplus.ForwardTranslator] <Error> No construction for either surface 'SuperMarket Office B  - Story ground Wall 2', and 'SuperMarket Office C  - Story ground Wall 3'
[openstudio.energyplus.ForwardTranslator] <Error> No construction for either surface 'SuperMarket Office B  - Story ground Wall 3', and 'SuperMarket Office A  - Story ground Wall 2'
[openstudio.energyplus.ForwardTranslator] <Error> No construction for either surface 'SuperMarket Office A  - Story ground Wall 1', and 'SuperMarket Sales A  - Story ground Wall 4'
[openstudio.energyplus.ForwardTranslator] <Error> No construction for either surface 'SuperMarket Sales A end_a - Story ground Wall 1', and 'SuperMarket Sales B end_a - Story ground Wall 3'
[openstudio.energyplus.ForwardTranslator] <Error> No construction for either surface 'SuperMarket Office C  - Story ground Wall 4', and 'SuperMarket Vestibule C  - Story ground Wall 1'
[openstudio.energyplus.ForwardTranslator] <Error> No construction for either surface 'SuperMarket Office C  - Story ground Wall 1', and 'SuperMarket Sales C  - Story ground Wall 4'
[openstudio.energyplus.ForwardTranslator] <Error> No construction for either surface 'SuperMarket Vestibule A  - Story ground Wall 2', and 'SuperMarket Vestibule B  - Story ground Wall 3'
[openstudio.energyplus.ForwardTranslator] <Error> No construction for either surface 'SuperMarket Vestibule B  - Story ground Wall 2', and 'SuperMarket Vestibule C  - Story ground Wall 3'
[openstudio.energyplus.ForwardTranslator] <Error> No construction for either surface 'SuperMarket Vestibule B  - Story ground Wall 4', and 'SuperMarket Dining B  - Story ground Wall 1'
[openstudio.energyplus.ForwardTranslator] <Error> No construction for either surface 'SuperMarket Vestibule C  - Story ground Wall 4', and 'SuperMarket Dining C  - Story ground Wall 1'
[openstudio.energyplus.ForwardTranslator] <Error> No construction for either surface 'SuperMarket Dining A  - Story ground Wall 1', and 'SuperMarket Vestibule A  - Story ground Wall 4'
[openstudio.energyplus.ForwardTranslator] <Error> No construction for either surface 'SuperMarket Dining A  - Story ground Wall 2', and 'SuperMarket Dining B  - Story ground Wall 3'
[openstudio.energyplus.ForwardTranslator] <Error> No construction for either surface 'SuperMarket Dining A  - Story ground Wall 4', and 'SuperMarket Meeting A  - Story ground Wall 1'
[openstudio.energyplus.ForwardTranslator] <Error> No construction for either surface 'SuperMarket Dining B  - Story ground Wall 2', and 'SuperMarket Dining C  - Story ground Wall 3'
[openstudio.energyplus.ForwardTranslator] <Error> No construction for either surface 'SuperMarket Dining B  - Story ground Wall 4', and 'SuperMarket Meeting B  - Story ground Wall 1'
[openstudio.energyplus.ForwardTranslator] <Error> No construction for either surface 'SuperMarket Dining C  - Story ground Wall 4', and 'SuperMarket Meeting C  - Story ground Wall 1'
[openstudio.energyplus.ForwardTranslator] <Error> No construction for either surface 'SuperMarket Sales A  - Story ground Wall 2', and 'SuperMarket Sales B  - Story ground Wall 3'
[openstudio.energyplus.ForwardTranslator] <Error> No construction for either surface 'SuperMarket Sales B  - Story ground Wall 2', and 'SuperMarket Sales C  - Story ground Wall 3'
[openstudio.energyplus.ForwardTranslator] <Error> No construction for either surface 'SuperMarket Meeting A  - Story ground Wall 4', and 'SuperMarket Corridor A  - Story ground Wall 1'
[openstudio.energyplus.ForwardTranslator] <Error> No construction for either surface 'SuperMarket Meeting B  - Story ground Wall 2', and 'SuperMarket Meeting C  - Story ground Wall 3'
[openstudio.energyplus.ForwardTranslator] <Error> No construction for either surface 'SuperMarket Meeting B  - Story ground Wall 4', and 'SuperMarket Corridor B  - Story ground Wall 1'
[openstudio.energyplus.ForwardTranslator] <Error> No construction for either surface 'SuperMarket Deli B  - Story ground Wall 1', and 'SuperMarket Bakery B  - Story ground Wall 4'
[openstudio.energyplus.ForwardTranslator] <Error> No construction for either surface 'SuperMarket Meeting A  - Story ground Wall 2', and 'SuperMarket Meeting B  - Story ground Wall 3'
[openstudio.energyplus.ForwardTranslator] <Error> No construction for either surface 'SuperMarket Corridor A  - Story ground Wall 2', and 'SuperMarket Corridor B  - Story ground Wall 3'
[openstudio.energyplus.ForwardTranslator] <Error> No construction for either surface 'SuperMarket Corridor A  - Story ground Wall 4', and 'SuperMarket Elec/MechRoom A  - Story ground Wall 1'
[openstudio.energyplus.ForwardTranslator] <Error> No construction for either surface 'SuperMarket Sales B  - Story ground Wall 1', and 'SuperMarket Sales B end_a - Story ground Wall 4'
[openstudio.energyplus.ForwardTranslator] <Error> No construction for either surface 'SuperMarket Corridor B  - Story ground Wall 4', and 'SuperMarket Elec/MechRoom B  - Story ground Wall 1'
[openstudio.energyplus.ForwardTranslator] <Error> No construction for either surface 'SuperMarket Corridor C  - Story ground Wall 1', and 'SuperMarket Meeting C  - Story ground Wall 4'
[openstudio.energyplus.ForwardTranslator] <Error> No construction for either surface 'SuperMarket Deli C  - Story ground Wall 4', and 'SuperMarket DryStorage C  - Story ground Wall 1'
[openstudio.energyplus.ForwardTranslator] <Error> No construction for either surface 'SuperMarket Deli C  - Story ground Wall 1', and 'SuperMarket Bakery C  - Story ground Wall 4'
[openstudio.energyplus.ForwardTranslator] <Error> No construction for either surface 'SuperMarket Elec/MechRoom C  - Story ground Wall 3', and 'SuperMarket Elec/MechRoom B  - Story ground Wall 2'
[openstudio.energyplus.ForwardTranslator] <Error> No construction for either surface 'SuperMarket DryStorage B  - Story ground Wall 2', and 'SuperMarket DryStorage C  - Story ground Wall 3'
[openstudio.energyplus.ForwardTranslator] <Error> No construction for either surface 'SuperMarket Elec/MechRoom C  - Story ground Wall 1', and 'SuperMarket Corridor C  - Story ground Wall 4'
[openstudio.energyplus.ForwardTranslator] <Error> No construction for either surface 'SuperMarket DryStorage B  - Story ground Wall 1', and 'SuperMarket Deli B  - Story ground Wall 4'
[openstudio.energyplus.ForwardTranslator] <Error> No construction for either surface 'SuperMarket DryStorage C  - Story ground Wall 4', and 'SuperMarket Produce C  - Story ground Wall 1'
[openstudio.energyplus.ForwardTranslator] <Error> No construction for either surface 'SuperMarket Produce A  - Story ground Wall 1', and 'SuperMarket DryStorage A  - Story ground Wall 4'
[openstudio.energyplus.ForwardTranslator] <Error> No construction for either surface 'SuperMarket Produce A  - Story ground Wall 2', and 'SuperMarket Produce B  - Story ground Wall 3'
[openstudio.energyplus.ForwardTranslator] <Error> No construction for either surface 'SuperMarket Produce B end_b - Story ground Wall 1', and 'SuperMarket Produce B  - Story ground Wall 4'
[openstudio.energyplus.ForwardTranslator] <Error> No construction for either surface 'SuperMarket Office A  - Story ground Wall 4', and 'SuperMarket Vestibule A  - Story ground Wall 1'
[openstudio.energyplus.ForwardTranslator] <Error> No construction for either surface 'SuperMarket Produce C end_b - Story ground Wall 1', and 'SuperMarket Produce C  - Story ground Wall 4'
[openstudio.energyplus.ForwardTranslator] <Error> No construction for either surface 'SuperMarket Restroom A  - Story ground Wall 4', and 'SuperMarket Bakery A  - Story ground Wall 1'
[openstudio.energyplus.ForwardTranslator] <Error> No construction for either surface 'SuperMarket Produce B end_b - Story ground Wall 2', and 'SuperMarket Produce C end_b - Story ground Wall 4'
[openstudio.energyplus.ForwardTranslator] <Error> No construction for either surface 'SuperMarket Elec/MechRoom A  - Story ground Wall 2', and 'SuperMarket Elec/MechRoom B  - Story ground Wall 3'
[openstudio.energyplus.ForwardTranslator] <Error> No construction for either surface 'SuperMarket Bakery A  - Story ground Wall 4', and 'SuperMarket Deli A  - Story ground Wall 1'
[openstudio.energyplus.ForwardTranslator] <Error> No construction for either surface 'SuperMarket Restroom B  - Story ground Wall 4', and 'SuperMarket Bakery B  - Story ground Wall 1'
[openstudio.energyplus.ForwardTranslator] <Error> No construction for either surface 'SuperMarket Produce B  - Story ground Wall 1', and 'SuperMarket DryStorage B  - Story ground Wall 4'
[openstudio.energyplus.ForwardTranslator] <Error> No construction for either surface 'SuperMarket Restroom B  - Story ground Wall 1', and 'SuperMarket Elec/MechRoom B  - Story ground Wall 4'
[openstudio.energyplus.ForwardTranslator] <Error> No construction for either surface 'SuperMarket Office B  - Story ground Wall 1', and 'SuperMarket Sales B  - Story ground Wall 4'
[openstudio.energyplus.ForwardTranslator] <Error> No construction for either surface 'SuperMarket DryStorage B  - Story ground Wall 3', and 'SuperMarket DryStorage A  - Story ground Wall 2'
[openstudio.energyplus.ForwardTranslator] <Error> No construction for either surface 'SuperMarket Produce A end_b - Story ground Wall 1', and 'SuperMarket Produce A  - Story ground Wall 4'
[openstudio.energyplus.ForwardTranslator] <Error> No construction for either surface 'SuperMarket Vestibule B  - Story ground Wall 1', and 'SuperMarket Office B  - Story ground Wall 4'
[openstudio.energyplus.ForwardTranslator] <Error> No construction for either surface 'SuperMarket Produce C  - Story ground Wall 3', and 'SuperMarket Produce B  - Story ground Wall 2'
[openstudio.energyplus.ForwardTranslator] <Error> No construction for either surface 'SuperMarket DryStorage A  - Story ground Wall 1', and 'SuperMarket Deli A  - Story ground Wall 4'
[openstudio.energyplus.ForwardTranslator] <Error> No construction for either surface 'SuperMarket Produce B end_b - Story ground Wall 3', and 'SuperMarket Produce A end_b - Story ground Wall 2'
[openstudio.energyplus.ForwardTranslator] <Error> No construction for either surface 'SuperMarket Deli B  - Story ground Wall 3', and 'SuperMarket Deli A  - Story ground Wall 2'
[openstudio.energyplus.ForwardTranslator] <Error> No construction for either surface 'SuperMarket Deli B  - Story ground Wall 2', and 'SuperMarket Deli C  - Story ground Wall 3'
[openstudio.energyplus.ForwardTranslator] <Error> No construction for either surface 'SuperMarket Restroom B  - Story ground Wall 3', and 'SuperMarket Restroom A  - Story ground Wall 2'
[openstudio.energyplus.ForwardTranslator] <Error> No construction for either surface 'SuperMarket Bakery C  - Story ground Wall 3', and 'SuperMarket Bakery B  - Story ground Wall 2'
[openstudio.energyplus.ForwardTranslator] <Error> No construction for either surface 'SuperMarket Restroom C  - Story ground Wall 1', and 'SuperMarket Elec/MechRoom C  - Story ground Wall 4'
[openstudio.energyplus.ForwardTranslator] <Error> No construction for either surface 'SuperMarket Bakery B  - Story ground Wall 3', and 'SuperMarket Bakery A  - Story ground Wall 2'
[openstudio.energyplus.ForwardTranslator] <Error> No construction for either surface 'SuperMarket Corridor B  - Story ground Wall 2', and 'SuperMarket Corridor C  - Story ground Wall 3'
[openstudio.energyplus.ForwardTranslator] <Error> No construction for either surface 'SuperMarket Bakery C  - Story ground Wall 1', and 'SuperMarket Restroom C  - Story ground Wall 4'
[openstudio.energyplus.ForwardTranslator] <Error> No construction for either surface 'SuperMarket Restroom C  - Story ground Wall 3', and 'SuperMarket Restroom B  - Story ground Wall 2'
[openstudio.energyplus.ForwardTranslator] <Error> No construction for either surface 'SuperMarket Restroom A  - Story ground Wall 1', and 'SuperMarket Elec/MechRoom A  - Story ground Wall 4'
[openstudio.model.YearDescription] <Error> 'UseWeatherFile' is selected in YearDescription, but there are no weather file set for the model.
[openstudio.model.YearDescription] <Error> 'UseWeatherFile' is selected in YearDescription, but there are no weather file set for the model.
