[14:48:13.905248 WARN] [openstudio.workflow.OSWorkflow] No valid weather file defined in either the osm or osw.
[14:48:20.791276 WARN] [openstudio.standards.Geometry.Create] Floor area of SuperMarket Office results in a bar with smaller than target minimum width.
[14:48:20.792031 WARN] [openstudio.standards.Geometry.Create] Floor area of SuperMarket Vestibule results in a bar with smaller than target minimum width.
[14:48:20.792561 WARN] [openstudio.standards.Geometry.Create] Floor area of SuperMarket Dining results in a bar with smaller than target minimum width.
[14:48:20.793076 WARN] [openstudio.standards.Geometry.Create] Floor area of SuperMarket Meeting results in a bar with smaller than target minimum width.
[14:48:21.413898 WARN] [openstudio.measure.OSRunner] [openstudio.standards.Geometry.Create] Floor area of SuperMarket Office results in a bar with smaller than target minimum width.
[14:48:21.414674 WARN] [openstudio.measure.OSRunner] [openstudio.standards.Geometry.Create] Floor area of SuperMarket Vestibule results in a bar with smaller than target minimum width.
[14:48:21.415419 WARN] [openstudio.measure.OSRunner] [openstudio.standards.Geometry.Create] Floor area of SuperMarket Dining results in a bar with smaller than target minimum width.
[14:48:21.416064 WARN] [openstudio.measure.OSRunner] [openstudio.standards.Geometry.Create] Floor area of SuperMarket Meeting results in a bar with smaller than target minimum width.
[14:48:21.511924 WARN] [openstudio.workflow.OSWorkflow] EPW file not found
[14:48:21.517272 ERROR] [openstudio.energyplus.ForwardTranslator] No construction for either surface 'SuperMarket Sales B end_a - Story ground Wall 2', and 'SuperMarket Sales C end_a - Story ground Wall 3'
[14:48:21.518714 ERROR] [openstudio.energyplus.ForwardTranslator] No construction for either surface 'SuperMarket Sales C end_a - Story ground Wall 4', and 'SuperMarket Sales C  - Story ground Wall 1'
[14:48:21.519406 ERROR] [openstudio.energyplus.ForwardTranslator] No construction for either surface 'SuperMarket Sales A  - Story ground Wall 1', and 'SuperMarket Sales A end_a - Story ground Wall 4'
[14:48:21.520170 ERROR] [openstudio.energyplus.ForwardTranslator] No construction for either surface 'SuperMarket Office B  - Story ground Wall 2', and 'SuperMarket Office C  - Story ground Wall 3'
[14:48:21.520687 ERROR] [openstudio.energyplus.ForwardTranslator] No construction for either surface 'SuperMarket Office B  - Story ground Wall 3', and 'SuperMarket Office A  - Story ground Wall 2'
[14:48:21.521168 ERROR] [openstudio.energyplus.ForwardTranslator] No construction for either surface 'SuperMarket Office A  - Story ground Wall 1', and 'SuperMarket Sales A  - Story ground Wall 4'
[14:48:21.521686 ERROR] [openstudio.energyplus.ForwardTranslator] No construction for either surface 'SuperMarket Sales A end_a - Story ground Wall 1', and 'SuperMarket Sales B end_a - Story ground Wall 3'
[14:48:21.522272 ERROR] [openstudio.energyplus.ForwardTranslator] No construction for either surface 'SuperMarket Office C  - Story ground Wall 4', and 'SuperMarket Vestibule C  - Story ground Wall 1'
[14:48:21.523035 ERROR] [openstudio.energyplus.ForwardTranslator] No construction for either surface 'SuperMarket Office C  - Story ground Wall 1', and 'SuperMarket Sales C  - Story ground Wall 4'
[14:48:21.523848 ERROR] [openstudio.energyplus.ForwardTranslator] No construction for either surface 'SuperMarket Vestibule A  - Story ground Wall 2', and 'SuperMarket Vestibule B  - Story ground Wall 3'
[14:48:21.524321 ERROR] [openstudio.energyplus.ForwardTranslator] No construction for either surface 'SuperMarket Vestibule B  - Story ground Wall 2', and 'SuperMarket Vestibule C  - Story ground Wall 3'
[14:48:21.524722 ERROR] [openstudio.energyplus.ForwardTranslator] No construction for either surface 'SuperMarket Vestibule B  - Story ground Wall 4', and 'SuperMarket Dining B  - Story ground Wall 1'
[14:48:21.525169 ERROR] [openstudio.energyplus.ForwardTranslator] No construction for either surface 'SuperMarket Vestibule C  - Story ground Wall 4', and 'SuperMarket Dining C  - Story ground Wall 1'
[14:48:21.525625 ERROR] [openstudio.energyplus.ForwardTranslator] No construction for either surface 'SuperMarket Dining A  - Story ground Wall 1', and 'SuperMarket Vestibule A  - Story ground Wall 4'
[14:48:21.526028 ERROR] [openstudio.energyplus.ForwardTranslator] No construction for either surface 'SuperMarket Dining A  - Story ground Wall 2', and 'SuperMarket Dining B  - Story ground Wall 3'
[14:48:21.526437 ERROR] [openstudio.energyplus.ForwardTranslator] No construction for either surface 'SuperMarket Dining A  - Story ground Wall 4', and 'SuperMarket Meeting A  - Story ground Wall 1'
[14:48:21.526856 ERROR] [openstudio.energyplus.ForwardTranslator] No construction for either surface 'SuperMarket Dining B  - Story ground Wall 2', and 'SuperMarket Dining C  - Story ground Wall 3'
[14:48:21.527347 ERROR] [openstudio.energyplus.ForwardTranslator] No construction for either surface 'SuperMarket Dining B  - Story ground Wall 4', and 'SuperMarket Meeting B  - Story ground Wall 1'
[14:48:21.527761 ERROR] [openstudio.energyplus.ForwardTranslator] No construction for either surface 'SuperMarket Dining C  - Story ground Wall 4', and 'SuperMarket Meeting C  - Story ground Wall 1'
[14:48:21.528162 ERROR] [openstudio.energyplus.ForwardTranslator] No construction for either surface 'SuperMarket Sales A  - Story ground Wall 2', and 'SuperMarket Sales B  - Story ground Wall 3'
[14:48:21.528547 ERROR] [openstudio.energyplus.ForwardTranslator] No construction for either surface 'SuperMarket Sales B  - Story ground Wall 2', and 'SuperMarket Sales C  - Story ground Wall 3'
[14:48:21.528973 ERROR] [openstudio.energyplus.ForwardTranslator] No construction for either surface 'SuperMarket Meeting A  - Story ground Wall 4', and 'SuperMarket Corridor A  - Story ground Wall 1'
[14:48:21.529771 ERROR] [openstudio.energyplus.ForwardTranslator] No construction for either surface 'SuperMarket Meeting B  - Story ground Wall 2', and 'SuperMarket Meeting C  - Story ground Wall 3'
[14:48:21.530743 ERROR] [openstudio.energyplus.ForwardTranslator] No construction for either surface 'SuperMarket Meeting B  - Story ground Wall 4', and 'SuperMarket Corridor B  - Story ground Wall 1'
[14:48:21.531728 ERROR] [openstudio.energyplus.ForwardTranslator] No construction for either surface 'SuperMarket Deli B  - Story ground Wall 1', and 'SuperMarket Bakery B  - Story ground Wall 4'
[14:48:21.532583 ERROR] [openstudio.energyplus.ForwardTranslator] No construction for either surface 'SuperMarket Meeting A  - Story ground Wall 2', and 'SuperMarket Meeting B  - Story ground Wall 3'
[14:48:21.533380 ERROR] [openstudio.energyplus.ForwardTranslator] No construction for either surface 'SuperMarket Corridor A  - Story ground Wall 2', and 'SuperMarket Corridor B  - Story ground Wall 3'
[14:48:21.534087 ERROR] [openstudio.energyplus.ForwardTranslator] No construction for either surface 'SuperMarket Corridor A  - Story ground Wall 4', and 'SuperMarket Elec/MechRoom A  - Story ground Wall 1'
[14:48:21.534568 ERROR] [openstudio.energyplus.ForwardTranslator] No construction for either surface 'SuperMarket Sales B  - Story ground Wall 1', and 'SuperMarket Sales B end_a - Story ground Wall 4'
[14:48:21.535072 ERROR] [openstudio.energyplus.ForwardTranslator] No construction for either surface 'SuperMarket Corridor B  - Story ground Wall 4', and 'SuperMarket Elec/MechRoom B  - Story ground Wall 1'
[14:48:21.535517 ERROR] [openstudio.energyplus.ForwardTranslator] No construction for either surface 'SuperMarket Corridor C  - Story ground Wall 1', and 'SuperMarket Meeting C  - Story ground Wall 4'
[14:48:21.535917 ERROR] [openstudio.energyplus.ForwardTranslator] No construction for either surface 'SuperMarket Deli C  - Story ground Wall 4', and 'SuperMarket DryStorage C  - Story ground Wall 1'
[14:48:21.536306 ERROR] [openstudio.energyplus.ForwardTranslator] No construction for either surface 'SuperMarket Deli C  - Story ground Wall 1', and 'SuperMarket Bakery C  - Story ground Wall 4'
[14:48:21.536710 ERROR] [openstudio.energyplus.ForwardTranslator] No construction for either surface 'SuperMarket Elec/MechRoom C  - Story ground Wall 3', and 'SuperMarket Elec/MechRoom B  - Story ground Wall 2'
[14:48:21.537186 ERROR] [openstudio.energyplus.ForwardTranslator] No construction for either surface 'SuperMarket DryStorage B  - Story ground Wall 2', and 'SuperMarket DryStorage C  - Story ground Wall 3'
[14:48:21.537595 ERROR] [openstudio.energyplus.ForwardTranslator] No construction for either surface 'SuperMarket Elec/MechRoom C  - Story ground Wall 1', and 'SuperMarket Corridor C  - Story ground Wall 4'
[14:48:21.537994 ERROR] [openstudio.energyplus.ForwardTranslator] No construction for either surface 'SuperMarket DryStorage B  - Story ground Wall 1', and 'SuperMarket Deli B  - Story ground Wall 4'
[14:48:21.538390 ERROR] [openstudio.energyplus.ForwardTranslator] No construction for either surface 'SuperMarket DryStorage C  - Story ground Wall 4', and 'SuperMarket Produce C  - Story ground Wall 1'
[14:48:21.538773 ERROR] [openstudio.energyplus.ForwardTranslator] No construction for either surface 'SuperMarket Produce A  - Story ground Wall 1', and 'SuperMarket DryStorage A  - Story ground Wall 4'
[14:48:21.539336 ERROR] [openstudio.energyplus.ForwardTranslator] No construction for either surface 'SuperMarket Produce A  - Story ground Wall 2', and 'SuperMarket Produce B  - Story ground Wall 3'
[14:48:21.540005 ERROR] [openstudio.energyplus.ForwardTranslator] No construction for either surface 'SuperMarket Produce B end_b - Story ground Wall 1', and 'SuperMarket Produce B  - Story ground Wall 4'
[14:48:21.540616 ERROR] [openstudio.energyplus.ForwardTranslator] No construction for either surface 'SuperMarket Office A  - Story ground Wall 4', and 'SuperMarket Vestibule A  - Story ground Wall 1'
[14:48:21.541078 ERROR] [openstudio.energyplus.ForwardTranslator] No construction for either surface 'SuperMarket Produce C end_b - Story ground Wall 1', and 'SuperMarket Produce C  - Story ground Wall 4'
[14:48:21.541671 ERROR] [openstudio.energyplus.ForwardTranslator] No construction for either surface 'SuperMarket Restroom A  - Story ground Wall 4', and 'SuperMarket Bakery A  - Story ground Wall 1'
[14:48:21.542089 ERROR] [openstudio.energyplus.ForwardTranslator] No construction for either surface 'SuperMarket Produce B end_b - Story ground Wall 2', and 'SuperMarket Produce C end_b - Story ground Wall 4'
[14:48:21.542595 ERROR] [openstudio.energyplus.ForwardTranslator] No construction for either surface 'SuperMarket Elec/MechRoom A  - Story ground Wall 2', and 'SuperMarket Elec/MechRoom B  - Story ground Wall 3'
[14:48:21.543111 ERROR] [openstudio.energyplus.ForwardTranslator] No construction for either surface 'SuperMarket Bakery A  - Story ground Wall 4', and 'SuperMarket Deli A  - Story ground Wall 1'
[14:48:21.543550 ERROR] [openstudio.energyplus.ForwardTranslator] No construction for either surface 'SuperMarket Restroom B  - Story ground Wall 4', and 'SuperMarket Bakery B  - Story ground Wall 1'
[14:48:21.543945 ERROR] [openstudio.energyplus.ForwardTranslator] No construction for either surface 'SuperMarket Produce B  - Story ground Wall 1', and 'SuperMarket DryStorage B  - Story ground Wall 4'
[14:48:21.544336 ERROR] [openstudio.energyplus.ForwardTranslator] No construction for either surface 'SuperMarket Restroom B  - Story ground Wall 1', and 'SuperMarket Elec/MechRoom B  - Story ground Wall 4'
[14:48:21.544722 ERROR] [openstudio.energyplus.ForwardTranslator] No construction for either surface 'SuperMarket Office B  - Story ground Wall 1', and 'SuperMarket Sales B  - Story ground Wall 4'
[14:48:21.545137 ERROR] [openstudio.energyplus.ForwardTranslator] No construction for either surface 'SuperMarket DryStorage B  - Story ground Wall 3', and 'SuperMarket DryStorage A  - Story ground Wall 2'
[14:48:21.545990 ERROR] [openstudio.energyplus.ForwardTranslator] No construction for either surface 'SuperMarket Produce A end_b - Story ground Wall 1', and 'SuperMarket Produce A  - Story ground Wall 4'
[14:48:21.546981 ERROR] [openstudio.energyplus.ForwardTranslator] No construction for either surface 'SuperMarket Vestibule B  - Story ground Wall 1', and 'SuperMarket Office B  - Story ground Wall 4'
[14:48:21.547846 ERROR] [openstudio.energyplus.ForwardTranslator] No construction for either surface 'SuperMarket Produce C  - Story ground Wall 3', and 'SuperMarket Produce B  - Story ground Wall 2'
[14:48:21.548368 ERROR] [openstudio.energyplus.ForwardTranslator] No construction for either surface 'SuperMarket DryStorage A  - Story ground Wall 1', and 'SuperMarket Deli A  - Story ground Wall 4'
[14:48:21.548782 ERROR] [openstudio.energyplus.ForwardTranslator] No construction for either surface 'SuperMarket Produce B end_b - Story ground Wall 3', and 'SuperMarket Produce A end_b - Story ground Wall 2'
[14:48:21.549166 ERROR] [openstudio.energyplus.ForwardTranslator] No construction for either surface 'SuperMarket Deli B  - Story ground Wall 3', and 'SuperMarket Deli A  - Story ground Wall 2'
[14:48:21.549553 ERROR] [openstudio.energyplus.ForwardTranslator] No construction for either surface 'SuperMarket Deli B  - Story ground Wall 2', and 'SuperMarket Deli C  - Story ground Wall 3'
[14:48:21.549952 ERROR] [openstudio.energyplus.ForwardTranslator] No construction for either surface 'SuperMarket Restroom B  - Story ground Wall 3', and 'SuperMarket Restroom A  - Story ground Wall 2'
[14:48:21.550334 ERROR] [openstudio.energyplus.ForwardTranslator] No construction for either surface 'SuperMarket Bakery C  - Story ground Wall 3', and 'SuperMarket Bakery B  - Story ground Wall 2'
[14:48:21.550710 ERROR] [openstudio.energyplus.ForwardTranslator] No construction for either surface 'SuperMarket Restroom C  - Story ground Wall 1', and 'SuperMarket Elec/MechRoom C  - Story ground Wall 4'
[14:48:21.551161 ERROR] [openstudio.energyplus.ForwardTranslator] No construction for either surface 'SuperMarket Bakery B  - Story ground Wall 3', and 'SuperMarket Bakery A  - Story ground Wall 2'
[14:48:21.551585 ERROR] [openstudio.energyplus.ForwardTranslator] No construction for either surface 'SuperMarket Corridor B  - Story ground Wall 2', and 'SuperMarket Corridor C  - Story ground Wall 3'
[14:48:21.551976 ERROR] [openstudio.energyplus.ForwardTranslator] No construction for either surface 'SuperMarket Bakery C  - Story ground Wall 1', and 'SuperMarket Restroom C  - Story ground Wall 4'
[14:48:21.552343 ERROR] [openstudio.energyplus.ForwardTranslator] No construction for either surface 'SuperMarket Restroom C  - Story ground Wall 3', and 'SuperMarket Restroom B  - Story ground Wall 2'
[14:48:21.552726 ERROR] [openstudio.energyplus.ForwardTranslator] No construction for either surface 'SuperMarket Restroom A  - Story ground Wall 1', and 'SuperMarket Elec/MechRoom A  - Story ground Wall 4'
[14:48:21.629520 ERROR] [openstudio.model.YearDescription] 'UseWeatherFile' is selected in YearDescription, but there are no weather file set for the model.
[14:48:21.630904 ERROR] [openstudio.model.YearDescription] 'UseWeatherFile' is selected in YearDescription, but there are no weather file set for the model.
