[22:53:49.019042 WARN] [openstudio.workflow.OSWorkflow] No valid weather file defined in either the osm or osw.
[22:53:58.935211 WARN] [openstudio.standards.Geometry.Create] Floor area of SuperMarket Office results in a bar with smaller than target minimum width.
[22:53:58.935822 WARN] [openstudio.standards.Geometry.Create] Floor area of SuperMarket Vestibule results in a bar with smaller than target minimum width.
[22:53:58.936288 WARN] [openstudio.standards.Geometry.Create] Floor area of SuperMarket Dining results in a bar with smaller than target minimum width.
[22:53:58.936769 WARN] [openstudio.standards.Geometry.Create] Floor area of SuperMarket Meeting results in a bar with smaller than target minimum width.
[22:53:59.838024 WARN] [openstudio.measure.OSRunner] [openstudio.standards.Geometry.Create] Floor area of SuperMarket Office results in a bar with smaller than target minimum width.
[22:53:59.838601 WARN] [openstudio.measure.OSRunner] [openstudio.standards.Geometry.Create] Floor area of SuperMarket Vestibule results in a bar with smaller than target minimum width.
[22:53:59.839093 WARN] [openstudio.measure.OSRunner] [openstudio.standards.Geometry.Create] Floor area of SuperMarket Dining results in a bar with smaller than target minimum width.
[22:53:59.839702 WARN] [openstudio.measure.OSRunner] [openstudio.standards.Geometry.Create] Floor area of SuperMarket Meeting results in a bar with smaller than target minimum width.
[22:53:59.960011 WARN] [openstudio.workflow.OSWorkflow] EPW file not found
[22:53:59.971284 ERROR] [openstudio.energyplus.ForwardTranslator] No construction for either surface 'SuperMarket Sales B end_a - Story ground Wall 3', and 'SuperMarket Sales A end_a - Story ground Wall 2'
[22:53:59.972443 ERROR] [openstudio.energyplus.ForwardTranslator] No construction for either surface 'SuperMarket Sales A  - Story ground Wall 4', and 'SuperMarket Office A  - Story ground Wall 1'
[22:53:59.973162 ERROR] [openstudio.energyplus.ForwardTranslator] No construction for either surface 'SuperMarket Sales B  - Story ground Wall 4', and 'SuperMarket Office B  - Story ground Wall 1'
[22:53:59.974031 ERROR] [openstudio.energyplus.ForwardTranslator] No construction for either surface 'SuperMarket Sales B  - Story ground Wall 3', and 'SuperMarket Sales A  - Story ground Wall 2'
[22:53:59.974635 ERROR] [openstudio.energyplus.ForwardTranslator] No construction for either surface 'SuperMarket Sales C  - Story ground Wall 1', and 'SuperMarket Sales C end_a - Story ground Wall 4'
[22:53:59.975347 ERROR] [openstudio.energyplus.ForwardTranslator] No construction for either surface 'SuperMarket Sales C  - Story ground Wall 4', and 'SuperMarket Office C  - Story ground Wall 1'
[22:53:59.976072 ERROR] [openstudio.energyplus.ForwardTranslator] No construction for either surface 'SuperMarket Sales B  - Story ground Wall 1', and 'SuperMarket Sales B end_a - Story ground Wall 4'
[22:53:59.976864 ERROR] [openstudio.energyplus.ForwardTranslator] No construction for either surface 'SuperMarket Office A  - Story ground Wall 2', and 'SuperMarket Office B  - Story ground Wall 3'
[22:53:59.977694 ERROR] [openstudio.energyplus.ForwardTranslator] No construction for either surface 'SuperMarket Office B  - Story ground Wall 2', and 'SuperMarket Office C  - Story ground Wall 3'
[22:53:59.978484 ERROR] [openstudio.energyplus.ForwardTranslator] No construction for either surface 'SuperMarket Sales C  - Story ground Wall 3', and 'SuperMarket Sales B  - Story ground Wall 2'
[22:53:59.979305 ERROR] [openstudio.energyplus.ForwardTranslator] No construction for either surface 'SuperMarket Office B  - Story ground Wall 4', and 'SuperMarket Vestibule B  - Story ground Wall 1'
[22:53:59.980191 ERROR] [openstudio.energyplus.ForwardTranslator] No construction for either surface 'SuperMarket Vestibule A  - Story ground Wall 1', and 'SuperMarket Office A  - Story ground Wall 4'
[22:53:59.981240 ERROR] [openstudio.energyplus.ForwardTranslator] No construction for either surface 'SuperMarket Vestibule B  - Story ground Wall 2', and 'SuperMarket Vestibule C  - Story ground Wall 3'
[22:53:59.982307 ERROR] [openstudio.energyplus.ForwardTranslator] No construction for either surface 'SuperMarket Vestibule B  - Story ground Wall 4', and 'SuperMarket Dining B  - Story ground Wall 1'
[22:53:59.983264 ERROR] [openstudio.energyplus.ForwardTranslator] No construction for either surface 'SuperMarket Vestibule B  - Story ground Wall 3', and 'SuperMarket Vestibule A  - Story ground Wall 2'
[22:53:59.984095 ERROR] [openstudio.energyplus.ForwardTranslator] No construction for either surface 'SuperMarket Vestibule C  - Story ground Wall 4', and 'SuperMarket Dining C  - Story ground Wall 1'
[22:53:59.985005 ERROR] [openstudio.energyplus.ForwardTranslator] No construction for either surface 'SuperMarket Dining B  - Story ground Wall 2', and 'SuperMarket Dining C  - Story ground Wall 3'
[22:53:59.985858 ERROR] [openstudio.energyplus.ForwardTranslator] No construction for either surface 'SuperMarket Dining C  - Story ground Wall 4', and 'SuperMarket Meeting C  - Story ground Wall 1'
[22:53:59.986816 ERROR] [openstudio.energyplus.ForwardTranslator] No construction for either surface 'SuperMarket Meeting A  - Story ground Wall 1', and 'SuperMarket Dining A  - Story ground Wall 4'
[22:53:59.987553 ERROR] [openstudio.energyplus.ForwardTranslator] No construction for either surface 'SuperMarket Meeting A  - Story ground Wall 2', and 'SuperMarket Meeting B  - Story ground Wall 3'
[22:53:59.988244 ERROR] [openstudio.energyplus.ForwardTranslator] No construction for either surface 'SuperMarket Meeting A  - Story ground Wall 4', and 'SuperMarket Corridor A  - Story ground Wall 1'
[22:53:59.988861 ERROR] [openstudio.energyplus.ForwardTranslator] No construction for either surface 'SuperMarket Meeting B  - Story ground Wall 1', and 'SuperMarket Dining B  - Story ground Wall 4'
[22:53:59.989471 ERROR] [openstudio.energyplus.ForwardTranslator] No construction for either surface 'SuperMarket Corridor A  - Story ground Wall 2', and 'SuperMarket Corridor B  - Story ground Wall 3'
[22:53:59.990197 ERROR] [openstudio.energyplus.ForwardTranslator] No construction for either surface 'SuperMarket Corridor B  - Story ground Wall 2', and 'SuperMarket Corridor C  - Story ground Wall 3'
[22:53:59.990953 ERROR] [openstudio.energyplus.ForwardTranslator] No construction for either surface 'SuperMarket Corridor B  - Story ground Wall 4', and 'SuperMarket Elec/MechRoom B  - Story ground Wall 1'
[22:53:59.991604 ERROR] [openstudio.energyplus.ForwardTranslator] No construction for either surface 'SuperMarket Corridor C  - Story ground Wall 4', and 'SuperMarket Elec/MechRoom C  - Story ground Wall 1'
[22:53:59.992186 ERROR] [openstudio.energyplus.ForwardTranslator] No construction for either surface 'SuperMarket Corridor B  - Story ground Wall 1', and 'SuperMarket Meeting B  - Story ground Wall 4'
[22:53:59.992696 ERROR] [openstudio.energyplus.ForwardTranslator] No construction for either surface 'SuperMarket Produce A end_b - Story ground Wall 1', and 'SuperMarket Produce A  - Story ground Wall 4'
[22:53:59.993638 ERROR] [openstudio.energyplus.ForwardTranslator] No construction for either surface 'SuperMarket Deli C  - Story ground Wall 4', and 'SuperMarket DryStorage C  - Story ground Wall 2'
[22:53:59.994588 ERROR] [openstudio.energyplus.ForwardTranslator] No construction for either surface 'SuperMarket Restroom C  - Story ground Wall 1', and 'SuperMarket Elec/MechRoom C  - Story ground Wall 4'
[22:53:59.995415 ERROR] [openstudio.energyplus.ForwardTranslator] No construction for either surface 'SuperMarket Produce A  - Story ground Wall 1', and 'SuperMarket DryStorage A  - Story ground Wall 4'
[22:53:59.996366 ERROR] [openstudio.energyplus.ForwardTranslator] No construction for either surface 'SuperMarket DryStorage B  - Story ground Wall 2', and 'SuperMarket DryStorage C  - Story ground Wall 4'
[22:53:59.997426 ERROR] [openstudio.energyplus.ForwardTranslator] No construction for either surface 'SuperMarket Deli B  - Story ground Wall 4', and 'SuperMarket DryStorage B  - Story ground Wall 1'
[22:53:59.998433 ERROR] [openstudio.energyplus.ForwardTranslator] No construction for either surface 'SuperMarket Produce C end_b - Story ground Wall 1', and 'SuperMarket Produce C  - Story ground Wall 4'
[22:53:59.999715 ERROR] [openstudio.energyplus.ForwardTranslator] No construction for either surface 'SuperMarket Produce B end_b - Story ground Wall 1', and 'SuperMarket Produce B  - Story ground Wall 3'
[22:54:00.000522 ERROR] [openstudio.energyplus.ForwardTranslator] No construction for either surface 'SuperMarket Restroom A  - Story ground Wall 1', and 'SuperMarket Elec/MechRoom A  - Story ground Wall 4'
[22:54:00.001354 ERROR] [openstudio.energyplus.ForwardTranslator] No construction for either surface 'SuperMarket Elec/MechRoom C  - Story ground Wall 3', and 'SuperMarket Elec/MechRoom B  - Story ground Wall 2'
[22:54:00.002334 ERROR] [openstudio.energyplus.ForwardTranslator] No construction for either surface 'SuperMarket Office C  - Story ground Wall 4', and 'SuperMarket Vestibule C  - Story ground Wall 1'
[22:54:00.003236 ERROR] [openstudio.energyplus.ForwardTranslator] No construction for either surface 'SuperMarket Sales C end_a - Story ground Wall 3', and 'SuperMarket Sales B end_a - Story ground Wall 2'
[22:54:00.004128 ERROR] [openstudio.energyplus.ForwardTranslator] No construction for either surface 'SuperMarket Produce A  - Story ground Wall 2', and 'SuperMarket Produce B  - Story ground Wall 2'
[22:54:00.005198 ERROR] [openstudio.energyplus.ForwardTranslator] No construction for either surface 'SuperMarket DryStorage B  - Story ground Wall 3', and 'SuperMarket DryStorage A  - Story ground Wall 2'
[22:54:00.006461 ERROR] [openstudio.energyplus.ForwardTranslator] No construction for either surface 'SuperMarket Bakery C  - Story ground Wall 1', and 'SuperMarket Restroom C  - Story ground Wall 4'
[22:54:00.007888 ERROR] [openstudio.energyplus.ForwardTranslator] No construction for either surface 'SuperMarket Restroom A  - Story ground Wall 2', and 'SuperMarket Restroom B  - Story ground Wall 3'
[22:54:00.009012 ERROR] [openstudio.energyplus.ForwardTranslator] No construction for either surface 'SuperMarket Produce B  - Story ground Wall 1', and 'SuperMarket Produce C  - Story ground Wall 3'
[22:54:00.010420 ERROR] [openstudio.energyplus.ForwardTranslator] No construction for either surface 'SuperMarket DryStorage C  - Story ground Wall 1', and 'SuperMarket Produce C  - Story ground Wall 1'
[22:54:00.011629 ERROR] [openstudio.energyplus.ForwardTranslator] No construction for either surface 'SuperMarket Produce C end_b - Story ground Wall 4', and 'SuperMarket Produce B end_b - Story ground Wall 2'
[22:54:00.012521 ERROR] [openstudio.energyplus.ForwardTranslator] No construction for either surface 'SuperMarket Corridor A  - Story ground Wall 4', and 'SuperMarket Elec/MechRoom A  - Story ground Wall 1'
[22:54:00.013585 ERROR] [openstudio.energyplus.ForwardTranslator] No construction for either surface 'SuperMarket DryStorage A  - Story ground Wall 1', and 'SuperMarket Deli A  - Story ground Wall 4'
[22:54:00.014795 ERROR] [openstudio.energyplus.ForwardTranslator] No construction for either surface 'SuperMarket Produce A end_b - Story ground Wall 4', and 'SuperMarket Produce B end_b - Story ground Wall 3'
[22:54:00.016002 ERROR] [openstudio.energyplus.ForwardTranslator] No construction for either surface 'SuperMarket Elec/MechRoom B  - Story ground Wall 3', and 'SuperMarket Elec/MechRoom A  - Story ground Wall 2'
[22:54:00.016779 ERROR] [openstudio.energyplus.ForwardTranslator] No construction for either surface 'SuperMarket Deli C  - Story ground Wall 3', and 'SuperMarket Deli B  - Story ground Wall 2'
[22:54:00.017575 ERROR] [openstudio.energyplus.ForwardTranslator] No construction for either surface 'SuperMarket Dining B  - Story ground Wall 3', and 'SuperMarket Dining A  - Story ground Wall 2'
[22:54:00.018465 ERROR] [openstudio.energyplus.ForwardTranslator] No construction for either surface 'SuperMarket Deli B  - Story ground Wall 1', and 'SuperMarket Bakery B  - Story ground Wall 4'
[22:54:00.019379 ERROR] [openstudio.energyplus.ForwardTranslator] No construction for either surface 'SuperMarket Deli C  - Story ground Wall 1', and 'SuperMarket Bakery C  - Story ground Wall 4'
[22:54:00.020165 ERROR] [openstudio.energyplus.ForwardTranslator] No construction for either surface 'SuperMarket Bakery B  - Story ground Wall 2', and 'SuperMarket Bakery C  - Story ground Wall 3'
[22:54:00.021189 ERROR] [openstudio.energyplus.ForwardTranslator] No construction for either surface 'SuperMarket Produce B  - Story ground Wall 4', and 'SuperMarket DryStorage B  - Story ground Wall 4'
[22:54:00.022286 ERROR] [openstudio.energyplus.ForwardTranslator] No construction for either surface 'SuperMarket Bakery B  - Story ground Wall 1', and 'SuperMarket Restroom B  - Story ground Wall 4'
[22:54:00.023397 ERROR] [openstudio.energyplus.ForwardTranslator] No construction for either surface 'SuperMarket Deli B  - Story ground Wall 3', and 'SuperMarket Deli A  - Story ground Wall 2'
[22:54:00.024393 ERROR] [openstudio.energyplus.ForwardTranslator] No construction for either surface 'SuperMarket Restroom B  - Story ground Wall 1', and 'SuperMarket Elec/MechRoom B  - Story ground Wall 4'
[22:54:00.025285 ERROR] [openstudio.energyplus.ForwardTranslator] No construction for either surface 'SuperMarket Meeting B  - Story ground Wall 2', and 'SuperMarket Meeting C  - Story ground Wall 3'
[22:54:00.026122 ERROR] [openstudio.energyplus.ForwardTranslator] No construction for either surface 'SuperMarket Deli A  - Story ground Wall 1', and 'SuperMarket Bakery A  - Story ground Wall 4'
[22:54:00.026942 ERROR] [openstudio.energyplus.ForwardTranslator] No construction for either surface 'SuperMarket Bakery B  - Story ground Wall 3', and 'SuperMarket Bakery A  - Story ground Wall 2'
[22:54:00.027777 ERROR] [openstudio.energyplus.ForwardTranslator] No construction for either surface 'SuperMarket Corridor C  - Story ground Wall 1', and 'SuperMarket Meeting C  - Story ground Wall 4'
[22:54:00.028679 ERROR] [openstudio.energyplus.ForwardTranslator] No construction for either surface 'SuperMarket Bakery A  - Story ground Wall 1', and 'SuperMarket Restroom A  - Story ground Wall 4'
[22:54:00.029559 ERROR] [openstudio.energyplus.ForwardTranslator] No construction for either surface 'SuperMarket Sales A  - Story ground Wall 1', and 'SuperMarket Sales A end_a - Story ground Wall 4'
[22:54:00.030531 ERROR] [openstudio.energyplus.ForwardTranslator] No construction for either surface 'SuperMarket Restroom B  - Story ground Wall 2', and 'SuperMarket Restroom C  - Story ground Wall 3'
[22:54:00.031664 ERROR] [openstudio.energyplus.ForwardTranslator] No construction for either surface 'SuperMarket Dining A  - Story ground Wall 1', and 'SuperMarket Vestibule A  - Story ground Wall 4'
[22:54:00.158971 ERROR] [openstudio.model.YearDescription] 'UseWeatherFile' is selected in YearDescription, but there are no weather file set for the model.
[22:54:00.159995 ERROR] [openstudio.model.YearDescription] 'UseWeatherFile' is selected in YearDescription, but there are no weather file set for the model.
