[22:36:42.998589 WARN] [openstudio.workflow.OSWorkflow] No valid weather file defined in either the osm or osw.
[22:36:49.800381 WARN] [openstudio.standards.Geometry.Create] Floor area of SuperMarket Office results in a bar with smaller than target minimum width.
[22:36:49.800875 WARN] [openstudio.standards.Geometry.Create] Floor area of SuperMarket Vestibule results in a bar with smaller than target minimum width.
[22:36:49.801370 WARN] [openstudio.standards.Geometry.Create] Floor area of SuperMarket Dining results in a bar with smaller than target minimum width.
[22:36:49.801795 WARN] [openstudio.standards.Geometry.Create] Floor area of SuperMarket Meeting results in a bar with smaller than target minimum width.
[22:36:50.409738 WARN] [openstudio.measure.OSRunner] [openstudio.standards.Geometry.Create] Floor area of SuperMarket Office results in a bar with smaller than target minimum width.
[22:36:50.410266 WARN] [openstudio.measure.OSRunner] [openstudio.standards.Geometry.Create] Floor area of SuperMarket Vestibule results in a bar with smaller than target minimum width.
[22:36:50.410580 WARN] [openstudio.measure.OSRunner] [openstudio.standards.Geometry.Create] Floor area of SuperMarket Dining results in a bar with smaller than target minimum width.
[22:36:50.410863 WARN] [openstudio.measure.OSRunner] [openstudio.standards.Geometry.Create] Floor area of SuperMarket Meeting results in a bar with smaller than target minimum width.
[22:36:50.509565 WARN] [openstudio.workflow.OSWorkflow] EPW file not found
[22:36:50.518023 ERROR] [openstudio.energyplus.ForwardTranslator] No construction for either surface 'SuperMarket Sales A end_a - Story ground Wall 1', and 'SuperMarket Sales B end_a - Story ground Wall 4'
[22:36:50.519709 ERROR] [openstudio.energyplus.ForwardTranslator] No construction for either surface 'SuperMarket Sales B end_a - Story ground Wall 3', and 'SuperMarket Sales C end_a - Story ground Wall 3'
[22:36:50.520668 ERROR] [openstudio.energyplus.ForwardTranslator] No construction for either surface 'SuperMarket Sales A  - Story ground Wall 1', and 'SuperMarket Sales A end_a - Story ground Wall 4'
[22:36:50.521664 ERROR] [openstudio.energyplus.ForwardTranslator] No construction for either surface 'SuperMarket Sales B  - Story ground Wall 2', and 'SuperMarket Sales C  - Story ground Wall 3'
[22:36:50.522309 ERROR] [openstudio.energyplus.ForwardTranslator] No construction for either surface 'SuperMarket Sales A  - Story ground Wall 2', and 'SuperMarket Sales B  - Story ground Wall 3'
[22:36:50.522967 ERROR] [openstudio.energyplus.ForwardTranslator] No construction for either surface 'SuperMarket Office A  - Story ground Wall 2', and 'SuperMarket Office B  - Story ground Wall 3'
[22:36:50.523579 ERROR] [openstudio.energyplus.ForwardTranslator] No construction for either surface 'SuperMarket Office A  - Story ground Wall 4', and 'SuperMarket Vestibule A  - Story ground Wall 1'
[22:36:50.524215 ERROR] [openstudio.energyplus.ForwardTranslator] No construction for either surface 'SuperMarket Sales C end_a - Story ground Wall 4', and 'SuperMarket Sales C  - Story ground Wall 1'
[22:36:50.524675 ERROR] [openstudio.energyplus.ForwardTranslator] No construction for either surface 'SuperMarket Sales A  - Story ground Wall 4', and 'SuperMarket Office A  - Story ground Wall 1'
[22:36:50.525120 ERROR] [openstudio.energyplus.ForwardTranslator] No construction for either surface 'SuperMarket Office B  - Story ground Wall 4', and 'SuperMarket Vestibule B  - Story ground Wall 1'
[22:36:50.525551 ERROR] [openstudio.energyplus.ForwardTranslator] No construction for either surface 'SuperMarket Office C  - Story ground Wall 4', and 'SuperMarket Vestibule C  - Story ground Wall 1'
[22:36:50.525938 ERROR] [openstudio.energyplus.ForwardTranslator] No construction for either surface 'SuperMarket Office C  - Story ground Wall 3', and 'SuperMarket Office B  - Story ground Wall 2'
[22:36:50.526612 ERROR] [openstudio.energyplus.ForwardTranslator] No construction for either surface 'SuperMarket Vestibule B  - Story ground Wall 2', and 'SuperMarket Vestibule C  - Story ground Wall 3'
[22:36:50.527303 ERROR] [openstudio.energyplus.ForwardTranslator] No construction for either surface 'SuperMarket Vestibule B  - Story ground Wall 4', and 'SuperMarket Dining B  - Story ground Wall 1'
[22:36:50.527902 ERROR] [openstudio.energyplus.ForwardTranslator] No construction for either surface 'SuperMarket Corridor C  - Story ground Wall 3', and 'SuperMarket Meeting C  - Story ground Wall 4'
[22:36:50.528418 ERROR] [openstudio.energyplus.ForwardTranslator] No construction for either surface 'SuperMarket Dining B  - Story ground Wall 2', and 'SuperMarket Dining C  - Story ground Wall 3'
[22:36:50.528826 ERROR] [openstudio.energyplus.ForwardTranslator] No construction for either surface 'SuperMarket Vestibule A  - Story ground Wall 4', and 'SuperMarket Dining A  - Story ground Wall 1'
[22:36:50.529453 ERROR] [openstudio.energyplus.ForwardTranslator] No construction for either surface 'SuperMarket Dining B  - Story ground Wall 4', and 'SuperMarket Meeting B  - Story ground Wall 1'
[22:36:50.530149 ERROR] [openstudio.energyplus.ForwardTranslator] No construction for either surface 'SuperMarket Dining B  - Story ground Wall 3', and 'SuperMarket Dining A  - Story ground Wall 2'
[22:36:50.530819 ERROR] [openstudio.energyplus.ForwardTranslator] No construction for either surface 'SuperMarket Dining C  - Story ground Wall 4', and 'SuperMarket Meeting C  - Story ground Wall 1'
[22:36:50.531329 ERROR] [openstudio.energyplus.ForwardTranslator] No construction for either surface 'SuperMarket Meeting B  - Story ground Wall 2', and 'SuperMarket Meeting C  - Story ground Wall 3'
[22:36:50.531719 ERROR] [openstudio.energyplus.ForwardTranslator] No construction for either surface 'SuperMarket Meeting B  - Story ground Wall 4', and 'SuperMarket Corridor B  - Story ground Wall 4'
[22:36:50.532122 ERROR] [openstudio.energyplus.ForwardTranslator] No construction for either surface 'SuperMarket Corridor A  - Story ground Wall 4', and 'SuperMarket Elec/MechRoom A  - Story ground Wall 1'
[22:36:50.532555 ERROR] [openstudio.energyplus.ForwardTranslator] No construction for either surface 'SuperMarket Office C  - Story ground Wall 1', and 'SuperMarket Sales C  - Story ground Wall 4'
[22:36:50.532995 ERROR] [openstudio.energyplus.ForwardTranslator] No construction for either surface 'SuperMarket Dining A  - Story ground Wall 4', and 'SuperMarket Meeting A  - Story ground Wall 1'
[22:36:50.533373 ERROR] [openstudio.energyplus.ForwardTranslator] No construction for either surface 'SuperMarket Corridor B  - Story ground Wall 1', and 'SuperMarket Corridor C  - Story ground Wall 1'
[22:36:50.533769 ERROR] [openstudio.energyplus.ForwardTranslator] No construction for either surface 'SuperMarket Corridor B  - Story ground Wall 3', and 'SuperMarket Elec/MechRoom B  - Story ground Wall 1'
[22:36:50.534196 ERROR] [openstudio.energyplus.ForwardTranslator] No construction for either surface 'SuperMarket Corridor B  - Story ground Wall 2', and 'SuperMarket Corridor A  - Story ground Wall 2'
[22:36:50.534784 ERROR] [openstudio.energyplus.ForwardTranslator] No construction for either surface 'SuperMarket Deli C  - Story ground Wall 4', and 'SuperMarket DryStorage C  - Story ground Wall 1'
[22:36:50.535649 ERROR] [openstudio.energyplus.ForwardTranslator] No construction for either surface 'SuperMarket Deli B  - Story ground Wall 1', and 'SuperMarket Bakery B  - Story ground Wall 4'
[22:36:50.536639 ERROR] [openstudio.energyplus.ForwardTranslator] No construction for either surface 'SuperMarket Deli C  - Story ground Wall 3', and 'SuperMarket Deli B  - Story ground Wall 2'
[22:36:50.537669 ERROR] [openstudio.energyplus.ForwardTranslator] No construction for either surface 'SuperMarket DryStorage A  - Story ground Wall 1', and 'SuperMarket Deli A  - Story ground Wall 4'
[22:36:50.538289 ERROR] [openstudio.energyplus.ForwardTranslator] No construction for either surface 'SuperMarket Restroom C  - Story ground Wall 1', and 'SuperMarket Elec/MechRoom C  - Story ground Wall 4'
[22:36:50.539008 ERROR] [openstudio.energyplus.ForwardTranslator] No construction for either surface 'SuperMarket DryStorage B  - Story ground Wall 1', and 'SuperMarket Deli B  - Story ground Wall 4'
[22:36:50.539722 ERROR] [openstudio.energyplus.ForwardTranslator] No construction for either surface 'SuperMarket Produce C  - Story ground Wall 3', and 'SuperMarket Produce B  - Story ground Wall 2'
[22:36:50.540376 ERROR] [openstudio.energyplus.ForwardTranslator] No construction for either surface 'SuperMarket Restroom A  - Story ground Wall 2', and 'SuperMarket Restroom B  - Story ground Wall 3'
[22:36:50.540905 ERROR] [openstudio.energyplus.ForwardTranslator] No construction for either surface 'SuperMarket DryStorage B  - Story ground Wall 2', and 'SuperMarket DryStorage C  - Story ground Wall 3'
[22:36:50.541349 ERROR] [openstudio.energyplus.ForwardTranslator] No construction for either surface 'SuperMarket DryStorage B  - Story ground Wall 4', and 'SuperMarket Produce B  - Story ground Wall 1'
[22:36:50.541987 ERROR] [openstudio.energyplus.ForwardTranslator] No construction for either surface 'SuperMarket Elec/MechRoom C  - Story ground Wall 1', and 'SuperMarket Corridor C  - Story ground Wall 2'
[22:36:50.542694 ERROR] [openstudio.energyplus.ForwardTranslator] No construction for either surface 'SuperMarket Produce A  - Story ground Wall 1', and 'SuperMarket DryStorage A  - Story ground Wall 4'
[22:36:50.543254 ERROR] [openstudio.energyplus.ForwardTranslator] No construction for either surface 'SuperMarket Produce A  - Story ground Wall 4', and 'SuperMarket Produce A end_b - Story ground Wall 1'
[22:36:50.543651 ERROR] [openstudio.energyplus.ForwardTranslator] No construction for either surface 'SuperMarket Produce B  - Story ground Wall 4', and 'SuperMarket Produce B end_b - Story ground Wall 1'
[22:36:50.544017 ERROR] [openstudio.energyplus.ForwardTranslator] No construction for either surface 'SuperMarket Elec/MechRoom C  - Story ground Wall 3', and 'SuperMarket Elec/MechRoom B  - Story ground Wall 2'
[22:36:50.544381 ERROR] [openstudio.energyplus.ForwardTranslator] No construction for either surface 'SuperMarket DryStorage B  - Story ground Wall 3', and 'SuperMarket DryStorage A  - Story ground Wall 2'
[22:36:50.544882 ERROR] [openstudio.energyplus.ForwardTranslator] No construction for either surface 'SuperMarket Bakery A  - Story ground Wall 1', and 'SuperMarket Restroom A  - Story ground Wall 4'
[22:36:50.545682 ERROR] [openstudio.energyplus.ForwardTranslator] No construction for either surface 'SuperMarket Deli B  - Story ground Wall 3', and 'SuperMarket Deli A  - Story ground Wall 2'
[22:36:50.546132 ERROR] [openstudio.energyplus.ForwardTranslator] No construction for either surface 'SuperMarket Produce C  - Story ground Wall 1', and 'SuperMarket DryStorage C  - Story ground Wall 4'
[22:36:50.546548 ERROR] [openstudio.energyplus.ForwardTranslator] No construction for either surface 'SuperMarket Sales B  - Story ground Wall 1', and 'SuperMarket Sales B end_a - Story ground Wall 1'
[22:36:50.547072 ERROR] [openstudio.energyplus.ForwardTranslator] No construction for either surface 'SuperMarket Produce B end_b - Story ground Wall 3', and 'SuperMarket Produce A end_b - Story ground Wall 2'
[22:36:50.547628 ERROR] [openstudio.energyplus.ForwardTranslator] No construction for either surface 'SuperMarket Produce C end_b - Story ground Wall 4', and 'SuperMarket Produce C  - Story ground Wall 4'
[22:36:50.548148 ERROR] [openstudio.energyplus.ForwardTranslator] No construction for either surface 'SuperMarket Vestibule B  - Story ground Wall 3', and 'SuperMarket Vestibule A  - Story ground Wall 2'
[22:36:50.548691 ERROR] [openstudio.energyplus.ForwardTranslator] No construction for either surface 'SuperMarket Elec/MechRoom A  - Story ground Wall 4', and 'SuperMarket Restroom A  - Story ground Wall 1'
[22:36:50.549242 ERROR] [openstudio.energyplus.ForwardTranslator] No construction for either surface 'SuperMarket Deli C  - Story ground Wall 1', and 'SuperMarket Bakery C  - Story ground Wall 4'
[22:36:50.549919 ERROR] [openstudio.energyplus.ForwardTranslator] No construction for either surface 'SuperMarket Bakery B  - Story ground Wall 3', and 'SuperMarket Bakery A  - Story ground Wall 2'
[22:36:50.550678 ERROR] [openstudio.energyplus.ForwardTranslator] No construction for either surface 'SuperMarket Sales B  - Story ground Wall 4', and 'SuperMarket Office B  - Story ground Wall 1'
[22:36:50.551403 ERROR] [openstudio.energyplus.ForwardTranslator] No construction for either surface 'SuperMarket Produce A  - Story ground Wall 2', and 'SuperMarket Produce B  - Story ground Wall 3'
[22:36:50.551928 ERROR] [openstudio.energyplus.ForwardTranslator] No construction for either surface 'SuperMarket Meeting A  - Story ground Wall 4', and 'SuperMarket Corridor A  - Story ground Wall 1'
[22:36:50.552730 ERROR] [openstudio.energyplus.ForwardTranslator] No construction for either surface 'SuperMarket Dining C  - Story ground Wall 1', and 'SuperMarket Vestibule C  - Story ground Wall 4'
[22:36:50.553488 ERROR] [openstudio.energyplus.ForwardTranslator] No construction for either surface 'SuperMarket Bakery B  - Story ground Wall 1', and 'SuperMarket Restroom B  - Story ground Wall 4'
[22:36:50.554445 ERROR] [openstudio.energyplus.ForwardTranslator] No construction for either surface 'SuperMarket Deli A  - Story ground Wall 1', and 'SuperMarket Bakery A  - Story ground Wall 4'
[22:36:50.554993 ERROR] [openstudio.energyplus.ForwardTranslator] No construction for either surface 'SuperMarket Bakery C  - Story ground Wall 3', and 'SuperMarket Bakery B  - Story ground Wall 2'
[22:36:50.555643 ERROR] [openstudio.energyplus.ForwardTranslator] No construction for either surface 'SuperMarket Meeting B  - Story ground Wall 3', and 'SuperMarket Meeting A  - Story ground Wall 2'
[22:36:50.556409 ERROR] [openstudio.energyplus.ForwardTranslator] No construction for either surface 'SuperMarket Restroom C  - Story ground Wall 3', and 'SuperMarket Restroom B  - Story ground Wall 2'
[22:36:50.557145 ERROR] [openstudio.energyplus.ForwardTranslator] No construction for either surface 'SuperMarket Produce B end_b - Story ground Wall 2', and 'SuperMarket Produce C end_b - Story ground Wall 1'
[22:36:50.557864 ERROR] [openstudio.energyplus.ForwardTranslator] No construction for either surface 'SuperMarket Restroom C  - Story ground Wall 4', and 'SuperMarket Bakery C  - Story ground Wall 1'
[22:36:50.558620 ERROR] [openstudio.energyplus.ForwardTranslator] No construction for either surface 'SuperMarket Restroom B  - Story ground Wall 1', and 'SuperMarket Elec/MechRoom B  - Story ground Wall 4'
[22:36:50.559069 ERROR] [openstudio.energyplus.ForwardTranslator] No construction for either surface 'SuperMarket Elec/MechRoom B  - Story ground Wall 3', and 'SuperMarket Elec/MechRoom A  - Story ground Wall 2'
[22:36:50.645361 ERROR] [openstudio.model.YearDescription] 'UseWeatherFile' is selected in YearDescription, but there are no weather file set for the model.
[22:36:50.646050 ERROR] [openstudio.model.YearDescription] 'UseWeatherFile' is selected in YearDescription, but there are no weather file set for the model.
