[openstudio.prototype.Model] <Error> The building does not appear to have any conditioned zones. Make sure zones have thermostat with appropriate heating and cooling setpoint schedules.
[openstudio.model.YearDescription] <Error> 'UseWeatherFile' is selected in YearDescription, but there are no weather file set for the model.
[openstudio.model.YearDescription] <Error> 'UseWeatherFile' is selected in YearDescription, but there are no weather file set for the model.
[openstudio.model.YearDescription] <Error> 'UseWeatherFile' is selected in YearDescription, but there are no weather file set for the model.
[openstudio.model.YearDescription] <Error> 'UseWeatherFile' is selected in YearDescription, but there are no weather file set for the model.
[openstudio.model.YearDescription] <Error> 'UseWeatherFile' is selected in YearDescription, but there are no weather file set for the model.
[openstudio.model.YearDescription] <Error> 'UseWeatherFile' is selected in YearDescription, but there are no weather file set for the model.
[openstudio.model.YearDescription] <Error> 'UseWeatherFile' is selected in YearDescription, but there are no weather file set for the model.
[openstudio.model.YearDescription] <Error> 'UseWeatherFile' is selected in YearDescription, but there are no weather file set for the model.
[openstudio.model.YearDescription] <Error> 'UseWeatherFile' is selected in YearDescription, but there are no weather file set for the model.
[openstudio.model.YearDescription] <Error> 'UseWeatherFile' is selected in YearDescription, but there are no weather file set for the model.
[openstudio.model.YearDescription] <Error> 'UseWeatherFile' is selected in YearDescription, but there are no weather file set for the model.
[openstudio.model.YearDescription] <Error> 'UseWeatherFile' is selected in YearDescription, but there are no weather file set for the model.
[openstudio.model.YearDescription] <Error> 'UseWeatherFile' is selected in YearDescription, but there are no weather file set for the model.
[openstudio.model.YearDescription] <Error> 'UseWeatherFile' is selected in YearDescription, but there are no weather file set for the model.
[openstudio.model.YearDescription] <Error> 'UseWeatherFile' is selected in YearDescription, but there are no weather file set for the model.
[openstudio.model.YearDescription] <Error> 'UseWeatherFile' is selected in YearDescription, but there are no weather file set for the model.
[openstudio.model.YearDescription] <Error> 'UseWeatherFile' is selected in YearDescription, but there are no weather file set for the model.
[openstudio.model.YearDescription] <Error> 'UseWeatherFile' is selected in YearDescription, but there are no weather file set for the model.
[openstudio.model.YearDescription] <Error> 'UseWeatherFile' is selected in YearDescription, but there are no weather file set for the model.
[openstudio.standards.Model] <Error> Model has not been assigned a weather file.
[openstudio.measure.OSRunner] <Error> [openstudio.prototype.Model] The building does not appear to have any conditioned zones. Make sure zones have thermostat with appropriate heating and cooling setpoint schedules.
[openstudio.measure.OSRunner] <Error> [openstudio.standards.Model] Model has not been assigned a weather file.
[openstudio.workflow.OSWorkflow] <Error> Found error in state 'OpenStudioMeasures' with message: 'Measure 'create_typical_building_from_model' reported an error with [[openstudio.prototype.Model] The building does not appear to have any conditioned zones. Make sure zones have thermostat with appropriate heating and cooling setpoint schedules.
[openstudio.standards.Model] Model has not been assigned a weather file.]'
Failed to run workflow. Last Error:
  Found error in state 'OpenStudioMeasures' with message: 'Measure 'create_typical_building_from_model' reported an error with [[openstudio.prototype.Model] The building does not appear to have any conditioned zones. Make sure zones have thermostat with appropriate heating and cooling setpoint schedules.
[openstudio.standards.Model] Model has not been assigned a weather file.]'
